python : C:\Python3
14\python.exe: No 
module named pytest
At line:1 char:1
+ python -m pytest 
password_manager/se
curity/tests/test_o
cean_entropy.p ...
+ ~~~~~~~~~~~~~~~~~
~~~~~~~~~~~~~~~~~~~
~~~~~~~~~~~~~~~~~~~
~~~~~~~~~~~~~~
    + CategoryInfo 
             : No  
  tSpecified: (C   
 :\Python314\py    
...le named py    
test:String) [    
], RemoteExcep    
tion
    + FullyQualifi 
   edErrorId : Na  
  tiveCommandErr   
 or
 
